// Jest Snapshot v1, https://goo.gl/fbAQLP

exports[`Tooltip displays \`Tooltip\` as content 1`] = `
<div>
  <div
    aria-describedby={undefined}
    className="ms-TooltipHost host_a3f87333"
    onBlurCapture={[Function]}
    onFocusCapture={[Function]}
    onMouseEnter={[Function]}
    onMouseLeave={[Function]}
  />
</div>
`;
