// Jest Snapshot v1, https://goo.gl/fbAQLP

exports[`LoginError displays correctly 1`] = `
ShallowWrapper {
  "length": 1,
  Symbol(enzyme.__root__): [Circular],
  Symbol(enzyme.__unrendered__): <StyledCustomizedLoginError
    id="testLoginError"
    type="noModule"
  >
    Some error text
  </StyledCustomizedLoginError>,
  Symbol(enzyme.__renderer__): Object {
    "batchedUpdates": [Function],
    "getNode": [Function],
    "render": [Function],
    "simulateEvent": [Function],
    "unmount": [Function],
  },
  Symbol(enzyme.__node__): Object {
    "instance": null,
    "key": undefined,
    "nodeType": "class",
    "props": Object {
      "children": "Some error text",
      "id": "testLoginError",
      "styles": [Function],
      "type": "noModule",
    },
    "ref": null,
    "rendered": "Some error text",
    "type": [Function],
  },
  Symbol(enzyme.__nodes__): Array [
    Object {
      "instance": null,
      "key": undefined,
      "nodeType": "class",
      "props": Object {
        "children": "Some error text",
        "id": "testLoginError",
        "styles": [Function],
        "type": "noModule",
      },
      "ref": null,
      "rendered": "Some error text",
      "type": [Function],
    },
  ],
  Symbol(enzyme.__options__): Object {
    "adapter": ReactSixteenAdapter {
      "options": Object {
        "enableComponentDidUpdateOnSetState": true,
      },
    },
  },
}
`;
