// Jest Snapshot v1, https://goo.gl/fbAQLP

exports[`ContextualMenuProps displays menu correctly 1`] = `
<button
  aria-expanded={false}
  aria-haspopup={true}
  aria-owns={null}
  className="ms-Button ms-Button--default ms-ContextualMenu root-41"
  data-is-focusable={true}
  id="testContextualMenu"
  onClick={[Function]}
  onKeyDown={[Function]}
  type="button"
>
  <div
    className="ms-Button-flexContainer flexContainer-42"
  >
    <div
      className="ms-Button-textContainer textContainer-43"
    >
      <div
        className="ms-Button-label label-45"
        id="id__1"
      >
        Contextual Menu
      </div>
    </div>
    <i
      aria-hidden={true}
      className="ms-Button-menuIcon menuIcon-49"
      data-icon-name="ChevronDown"
      role="presentation"
    />
  </div>
</button>
`;
