// Jest Snapshot v1, https://goo.gl/fbAQLP

exports[`DateTimePicker displays correctly 1`] = `
<DatePicker
  adjustDateOnChange={true}
  allowSameDay={false}
  customInput={<DateTimeInput />}
  dateFormat="MMMM Do yyyy LT"
  dateFormatCalendar="LLLL yyyy"
  disabled={false}
  disabledKeyboardNavigation={false}
  dropdownMode="scroll"
  id="testDatePicker"
  locale="en"
  monthsShown={1}
  nextMonthButtonLabel="Next month"
  onBlur={[Function]}
  onChange={[Function]}
  onClickOutside={[Function]}
  onFocus={[Function]}
  onInputClick={[Function]}
  onInputError={[Function]}
  onKeyDown={[Function]}
  onMonthChange={[Function]}
  onSelect={[Function]}
  onYearChange={[Function]}
  preventOpenOnFocus={false}
  previousMonthButtonLabel="Previous Month"
  readOnly={false}
  renderDayContents={[Function]}
  shouldCloseOnSelect={true}
  showTimeSelect={false}
  showTimeSelectOnly={false}
  timeCaption="Time"
  timeFormat="h:mm A"
  timeIntervals={15}
  todayButton={null}
  withPortal={false}
/>
`;
