// Jest Snapshot v1, https://goo.gl/fbAQLP

exports[`InfiniteList displays correctly 1`] = `
<styled.div
  style={
    Object {
      "height": "auto",
    }
  }
>
  <styled.div>
    <Loader
      color="#2180c0"
      css=""
      height={4}
      loading={false}
      speedMultiplier={1}
      width="100%"
    />
  </styled.div>
  <styled.div>
    <HotKeysEnabled
      handlers={null}
      keyMap={
        Object {
          "bottom": "end",
          "down": "down",
          "left": "left",
          "pageDown": "pagedown",
          "pageUp": "pageup",
          "right": "right",
          "top": "home",
          "up": "up",
        }
      }
    >
      <styled.ul
        role="list"
      >
        <Memo(InfiniteListItem)
          key="0"
        >
          Item 
          0
        </Memo(InfiniteListItem)>
        <Memo(InfiniteListItem)
          key="1"
        >
          Item 
          1
        </Memo(InfiniteListItem)>
        <Memo(InfiniteListItem)
          key="2"
        >
          Item 
          2
        </Memo(InfiniteListItem)>
        <Memo(InfiniteListItem)
          key="3"
        >
          Item 
          3
        </Memo(InfiniteListItem)>
        <Memo(InfiniteListItem)
          key="4"
        >
          Item 
          4
        </Memo(InfiniteListItem)>
        <Memo(InfiniteListItem)
          key="5"
        >
          Item 
          5
        </Memo(InfiniteListItem)>
        <Memo(InfiniteListItem)
          key="6"
        >
          Item 
          6
        </Memo(InfiniteListItem)>
        <Memo(InfiniteListItem)
          key="7"
        >
          Item 
          7
        </Memo(InfiniteListItem)>
        <Memo(InfiniteListItem)
          key="8"
        >
          Item 
          8
        </Memo(InfiniteListItem)>
        <Memo(InfiniteListItem)
          key="9"
        >
          Item 
          9
        </Memo(InfiniteListItem)>
        <Memo(InfiniteListItem)
          key="10"
        >
          Item 
          10
        </Memo(InfiniteListItem)>
        <Memo(InfiniteListItem)
          key="11"
        >
          Item 
          11
        </Memo(InfiniteListItem)>
        <Memo(InfiniteListItem)
          key="12"
        >
          Item 
          12
        </Memo(InfiniteListItem)>
        <Memo(InfiniteListItem)
          key="13"
        >
          Item 
          13
        </Memo(InfiniteListItem)>
        <Memo(InfiniteListItem)
          key="14"
        >
          Item 
          14
        </Memo(InfiniteListItem)>
        <Memo(InfiniteListItem)
          key="15"
        >
          Item 
          15
        </Memo(InfiniteListItem)>
        <Memo(InfiniteListItem)
          key="16"
        >
          Item 
          16
        </Memo(InfiniteListItem)>
        <Memo(InfiniteListItem)
          key="17"
        >
          Item 
          17
        </Memo(InfiniteListItem)>
        <Memo(InfiniteListItem)
          key="18"
        >
          Item 
          18
        </Memo(InfiniteListItem)>
        <Memo(InfiniteListItem)
          key="19"
        >
          Item 
          19
        </Memo(InfiniteListItem)>
      </styled.ul>
    </HotKeysEnabled>
  </styled.div>
</styled.div>
`;
