// Jest Snapshot v1, https://goo.gl/fbAQLP

exports[`Breadcrumb displays \`Default Breadcrumb\` as ariaLabel 1`] = `
<div
  className="ms-ResizeGroup root-49"
>
  <div
    style={
      Object {
        "position": "fixed",
        "visibility": "hidden",
      }
    }
  >
    <div
      aria-label="Default Breadcrumb"
      className="ms-Breadcrumb root-41"
      role="navigation"
    >
      <div
        className="ms-FocusZone"
        data-focuszone-id="FocusZone1"
        onFocus={[Function]}
        onKeyDown={[Function]}
        onMouseDownCapture={[Function]}
        role="presentation"
      >
        <ol
          className="ms-Breadcrumb-list list-42"
        >
          <li
            className="ms-Breadcrumb-listItem listItem-43"
          >
            <span
              className="ms-Breadcrumb-item item-48"
            >
              <div
                className="ms-TooltipHost host_a3f87333"
                onBlurCapture={[Function]}
                onFocusCapture={[Function]}
                onMouseEnter={[Function]}
                onMouseLeave={[Function]}
              />
            </span>
            <i
              aria-hidden={true}
              className="ms-Breadcrumb-chevron chevron-50"
              data-icon-name="ChevronRight"
              role="presentation"
            />
          </li>
          <li
            className="ms-Breadcrumb-listItem listItem-43"
          >
            <span
              className="ms-Breadcrumb-item item-48"
            >
              <div
                className="ms-TooltipHost host_a3f87333"
                onBlurCapture={[Function]}
                onFocusCapture={[Function]}
                onMouseEnter={[Function]}
                onMouseLeave={[Function]}
              />
            </span>
          </li>
        </ol>
      </div>
    </div>
  </div>
</div>
`;
