// Jest Snapshot v1, https://goo.gl/fbAQLP

exports[`CommandBar displays \`Foo\` as text 1`] = `
<div
  className="ms-ResizeGroup ms-Button root-44"
>
  <div
    style={
      Object {
        "position": "fixed",
        "visibility": "hidden",
      }
    }
  >
    <div
      className="ms-FocusZone ms-CommandBar ms-Button root-41"
      data-focuszone-id="FocusZone1"
      onFocus={[Function]}
      onKeyDown={[Function]}
      onMouseDownCapture={[Function]}
      role="menubar"
    >
      <div
        className="ms-OverflowSet root_8ddbc6c5 ms-CommandBar-primaryCommand primarySet-42"
        role="presentation"
      >
        <div
          className="ms-OverflowSet-item item_8ddbc6c5"
        >
          <button
            aria-posinset={1}
            aria-setsize={1}
            className="ms-Button ms-Button--commandBar ms-CommandBarItem-link root-45"
            data-is-focusable={true}
            icon="Upload"
            name="Upload"
            onClick={[Function]}
            type="button"
          >
            <div
              className="ms-Button-flexContainer flexContainer-46"
            >
              <div
                className="ms-Button-textContainer textContainer-47"
              >
                <div
                  className="ms-Button-label label-49"
                  id="id__2"
                >
                  Upload
                </div>
              </div>
            </div>
          </button>
        </div>
      </div>
    </div>
  </div>
</div>
`;
