// Jest Snapshot v1, https://goo.gl/fbAQLP

exports[`CommandBar displays \`Foo\` as text 1`] = `
<div
  className="ms-CommandBar root_6e89cb9f ms-Button root-37"
>
  <div
    aria-describedby={undefined}
    aria-labelledby={undefined}
    className="ms-FocusZone container_6e89cb9f"
    data-focuszone-id="FocusZone1"
    onFocus={[Function]}
    onKeyDown={[Function]}
    onMouseDownCapture={[Function]}
    role="menubar"
  >
    <div
      className="ms-CommandBar-primaryCommands primaryCommands_6e89cb9f"
    >
      <div
        className="ms-CommandBarItem item_6e89cb9f"
      >
        <button
          aria-disabled={undefined}
          aria-expanded={undefined}
          aria-haspopup={false}
          aria-label={undefined}
          aria-posinset={1}
          aria-setsize={1}
          className="ms-CommandBarItem-link itemLink_6e89cb9f"
          data-command-key="upload"
          icon="Upload"
          id="CommandBar0upload"
          name="Upload"
          onClick={[Function]}
          role="menuitem"
          title=""
        >
          <i
            aria-hidden={true}
            className="root-38 ms-CommandBarItem-icon itemIcon_6e89cb9f ms-CommandBarItem-iconColor itemIconColor_6e89cb9f"
            data-icon-name="Upload"
            role="presentation"
          />
          <span
            className="ms-CommandBarItem-commandText itemCommandText_6e89cb9f"
          >
            Upload
          </span>
        </button>
      </div>
    </div>
    <div
      className="ms-CommandBar-sideCommands sideCommands_6e89cb9f"
    />
  </div>
</div>
`;
