// Jest Snapshot v1, https://goo.gl/fbAQLP

exports[`Dropdown displays correctly 1`] = `
<div
  className="ms-Dropdown-container"
>
  <label
    className="ms-Label ms-Dropdown-label root-36"
    htmlFor="testDropdown"
    id="testDropdown-label"
    required={undefined}
  >
    test dropdown
  </label>
  <div
    aria-activedescendant={null}
    aria-autocomplete="none"
    aria-describedby="testDropdown-option"
    aria-disabled={undefined}
    aria-expanded="false"
    aria-label={undefined}
    aria-live="assertive"
    aria-owns={null}
    className="ms-Dropdown root_46f1b9db"
    data-is-focusable={true}
    id="testDropdown"
    onBlur={[Function]}
    onClick={[Function]}
    onKeyDown={[Function]}
    onKeyUp={[Function]}
    role="combobox"
    tabIndex={0}
  >
    <span
      aria-atomic={true}
      aria-readonly="true"
      className="ms-Dropdown-title title_46f1b9db ms-Dropdown-titleIsPlaceHolder titleIsPlaceHolder_46f1b9db"
      id="testDropdown-option"
      role="listbox"
    >
      <span>
        Select test...
      </span>
    </span>
    <span
      className="ms-Dropdown-caretDownWrapper caretDownWrapper_46f1b9db"
    >
      <i
        aria-hidden={true}
        className="root-37 ms-Dropdown-caretDown caretDown_46f1b9db"
        data-icon-name="ChevronDown"
        role="presentation"
      />
    </span>
  </div>
</div>
`;
