// Jest Snapshot v1, https://goo.gl/fbAQLP

exports[`LoggedInBar displays correctly 1`] = `
<div
  aria-live="polite"
  className="ms-MessageBar root_613660a4 ms-MessageBar root_613660a4 ms-MessageBar-multiline multiLine_613660a4"
  role="status"
>
  <div
    className="content_613660a4 ms-MessageBar-content"
  >
    <div
      className="ms-MessageBar-icon icon_613660a4"
    >
      <i
        aria-hidden={true}
        className="root-40"
        data-icon-name="Info"
        role="presentation"
      />
    </div>
    <div
      className="ms-MessageBar-text text_613660a4 noDismissButton_613660a4"
      id="MessageBar1"
    >
      <span
        aria-live="polite"
        className="ms-MessageBar-innerText innerText_613660a4"
        role="status"
      />
    </div>
  </div>
</div>
`;
