// Jest Snapshot v1, https://goo.gl/fbAQLP

exports[`Checkbox displays \`Foo\` as label 1`] = `
<button
  aria-checked={false}
  aria-describedby="descriptionID"
  aria-disabled={undefined}
  aria-label={undefined}
  aria-labelledby={undefined}
  aria-posinset={undefined}
  aria-setsize={undefined}
  className="ms-Checkbox is-enabled root-41"
  data-ktp-execute-target={undefined}
  disabled={undefined}
  id="checkbox-1"
  name={undefined}
  onBlur={[Function]}
  onClick={[Function]}
  onFocus={[Function]}
  role="checkbox"
  type="button"
>
  <label
    className="ms-Checkbox-label label-42"
    htmlFor="checkbox-1"
  >
    <div
      className="ms-Checkbox-checkbox checkbox-43"
      data-ktp-target={undefined}
    >
      <i
        aria-hidden={true}
        className="ms-Checkbox-checkmark checkmark-46"
        data-icon-name="CheckMark"
        role="presentation"
      />
    </div>
  </label>
</button>
`;
