// Jest Snapshot v1, https://goo.gl/fbAQLP

exports[`TenantSelector displays tenants and labels correctly 1`] = `
<div>
  <div>
    <div
      className="ms-Dropdown-container"
    >
      <label
        className="ms-Label ms-Dropdown-label root-41"
        htmlFor="databaseDropdown"
        id="databaseDropdown-label"
        required={undefined}
      >
        Select database:
      </label>
      <div
        aria-activedescendant={undefined}
        aria-describedby="databaseDropdown-option"
        aria-disabled={undefined}
        aria-expanded="false"
        aria-label={undefined}
        aria-live="assertive"
        aria-owns={undefined}
        className="ms-Dropdown root_aecb6435 ms-Dropdown root-40"
        data-is-focusable={true}
        id="databaseDropdown"
        onBlur={[Function]}
        onClick={[Function]}
        onKeyDown={[Function]}
        onKeyUp={[Function]}
        role="listbox"
        tabIndex={0}
      >
        <span
          aria-atomic={true}
          className="ms-Dropdown-title title_aecb6435 ms-Dropdown-titleIsPlaceHolder titleIsPlaceHolder_aecb6435"
          id="databaseDropdown-option"
          role="listbox"
        >
          <span>
            Select database...
          </span>
        </span>
        <span
          className="ms-Dropdown-caretDownWrapper caretDownWrapper_aecb6435"
        >
          <i
            aria-hidden={true}
            className="ms-Dropdown-caretDown caretDown_aecb6435 root-42"
            data-icon-name="ChevronDown"
            role="presentation"
          />
        </span>
      </div>
    </div>
    <br />
    <button
      aria-describedby={undefined}
      aria-label={undefined}
      aria-labelledby={undefined}
      aria-pressed={undefined}
      className="ms-Button ms-Button--default is-disabled root-43"
      data-is-focusable={false}
      disabled={true}
      id={undefined}
      onClick={[Function]}
      type="button"
    >
      <div
        className="ms-Button-flexContainer flexContainer-44"
      >
        <div
          className="ms-Button-textContainer textContainer-45"
        >
          <div
            className="ms-Button-label label-47"
            id="id__1"
          >
            Sign in
          </div>
        </div>
      </div>
    </button>
    <div />
  </div>
</div>
`;

exports[`TenantSelector displays when logged in correctly 1`] = `
<div>
  <div
    aria-live="polite"
    className="ms-MessageBar root_613660a4 ms-MessageBar root_613660a4 ms-MessageBar-multiline multiLine_613660a4"
    role="status"
  >
    <div
      className="content_613660a4 ms-MessageBar-content"
    >
      <div
        className="ms-MessageBar-icon icon_613660a4"
      >
        <i
          aria-hidden={true}
          className="root-42"
          data-icon-name="Info"
          role="presentation"
        />
      </div>
      <div
        className="ms-MessageBar-text text_613660a4 noDismissButton_613660a4"
        id="MessageBar4"
      >
        <span
          aria-live="polite"
          className="ms-MessageBar-innerText innerText_613660a4"
          role="status"
        />
      </div>
    </div>
  </div>
</div>
`;
