// Jest Snapshot v1, https://goo.gl/fbAQLP

exports[`TenantSelector displays tenants and labels correctly 1`] = `
<div>
  <div>
    <div
      className="ms-Dropdown-container"
    >
      <label
        className="ms-Label ms-Dropdown-label root-38"
        htmlFor="databaseDropdown"
        id="databaseDropdown-label"
        required={undefined}
      >
        Select database:
      </label>
      <div
        aria-activedescendant={undefined}
        aria-autocomplete="none"
        aria-describedby="databaseDropdown-option"
        aria-disabled={undefined}
        aria-expanded="false"
        aria-label={undefined}
        aria-live="assertive"
        aria-owns={undefined}
        className="ms-Dropdown root_060756d4"
        data-is-focusable={true}
        id="databaseDropdown"
        onBlur={[Function]}
        onClick={[Function]}
        onKeyDown={[Function]}
        onKeyUp={[Function]}
        role="listbox"
        tabIndex={0}
      >
        <span
          aria-atomic={true}
          aria-readonly="true"
          className="ms-Dropdown-title title_060756d4 ms-Dropdown-titleIsPlaceHolder titleIsPlaceHolder_060756d4"
          id="databaseDropdown-option"
          role="listbox"
        >
          <span>
            Select database...
          </span>
        </span>
        <span
          className="ms-Dropdown-caretDownWrapper caretDownWrapper_060756d4"
        >
          <i
            aria-hidden={true}
            className="root-39 ms-Dropdown-caretDown caretDown_060756d4"
            data-icon-name="ChevronDown"
            role="presentation"
          />
        </span>
      </div>
    </div>
    <br />
    <button
      aria-describedby={null}
      aria-label={undefined}
      aria-labelledby={null}
      aria-pressed={undefined}
      className="ms-Button ms-Button--default is-disabled root-43"
      data-is-focusable={false}
      disabled={true}
      onClick={[Function]}
      type="button"
    >
      <div
        className="ms-Button-flexContainer flexContainer-44"
      >
        <div
          className="ms-Button-textContainer textContainer-45"
        >
          <div
            className="ms-Button-label label-47"
            id="id__0"
          >
            Sign in
          </div>
        </div>
      </div>
    </button>
    <div />
  </div>
</div>
`;

exports[`TenantSelector displays when logged in correctly 1`] = `
<div>
  <div
    aria-live="polite"
    className="ms-MessageBar root_847e7a13 ms-MessageBar root_847e7a13 ms-MessageBar-multiline multiLine_847e7a13"
    role="status"
  >
    <div
      className="content_847e7a13 ms-MessageBar-content"
    >
      <div
        className="ms-MessageBar-icon icon_847e7a13"
      >
        <i
          aria-hidden={true}
          className="root-39"
          data-icon-name="Info"
          role="presentation"
        />
      </div>
      <div
        className="ms-MessageBar-text text_847e7a13 noDismissButton_847e7a13"
        id="MessageBar3"
      >
        <span
          aria-live="polite"
          className="ms-MessageBar-innerText innerText_847e7a13"
          role="status"
        />
      </div>
    </div>
  </div>
</div>
`;
