// Jest Snapshot v1, https://goo.gl/fbAQLP

exports[`CommandBarButton displays \`Foo\` as text 1`] = `
<button
  className="ms-Button ms-Button--commandBar root-41"
  data-is-focusable={true}
  id="testCommandBarButton"
  type="button"
>
  <div
    className="ms-Button-flexContainer flexContainer-42"
  >
    <i
      aria-hidden={true}
      className="ms-Button-icon icon-49"
      role="presentation"
    />
    <div
      className="ms-Button-textContainer textContainer-43"
    >
      <div
        className="ms-Button-label label-45"
        id="id__1"
      >
        Foo
      </div>
    </div>
  </div>
</button>
`;
