// Jest Snapshot v1, https://goo.gl/fbAQLP

exports[`TenantSelector displays tenants and labels correctly 1`] = `
<div>
  <div>
    <div
      className="ms-Dropdown-container"
    >
      <label
        className="ms-Label ms-Dropdown-label root-36"
        htmlFor="databaseDropdown"
        id="databaseDropdown-label"
        required={undefined}
      >
        Select database:
      </label>
      <div
        aria-activedescendant={null}
        aria-autocomplete="none"
        aria-describedby="databaseDropdown-option"
        aria-disabled={undefined}
        aria-expanded="false"
        aria-label={undefined}
        aria-live="assertive"
        aria-owns={null}
        className="ms-Dropdown root_05a21f2d"
        data-is-focusable={true}
        id="databaseDropdown"
        onBlur={[Function]}
        onClick={[Function]}
        onKeyDown={[Function]}
        onKeyUp={[Function]}
        role="combobox"
        tabIndex={0}
      >
        <span
          aria-atomic={true}
          aria-readonly="true"
          className="ms-Dropdown-title title_05a21f2d ms-Dropdown-titleIsPlaceHolder titleIsPlaceHolder_05a21f2d"
          id="databaseDropdown-option"
          role="textbox"
        >
          <span>
            Select database...
          </span>
        </span>
        <span
          className="ms-Dropdown-caretDownWrapper caretDownWrapper_05a21f2d"
        >
          <i
            aria-hidden={true}
            className="root-37 ms-Dropdown-caretDown caretDown_05a21f2d"
            data-icon-name="ChevronDown"
            role="presentation"
          />
        </span>
      </div>
    </div>
    <br />
    <button
      aria-describedby={null}
      aria-label={undefined}
      aria-labelledby={null}
      aria-pressed={undefined}
      className="ms-Button ms-Button--primary is-disabled root-40"
      data-is-focusable={false}
      disabled={true}
      onClick={[Function]}
      type="button"
    >
      <div
        className="ms-Button-flexContainer flexContainer-41"
      >
        <div
          className="ms-Button-textContainer textContainer-42"
        >
          <div
            className="ms-Button-label label-44"
            id="id__0"
          >
            Sign in
          </div>
        </div>
      </div>
    </button>
    <div />
  </div>
</div>
`;

exports[`TenantSelector displays when logged in correctly 1`] = `
<div>
  <div
    aria-live="polite"
    className="ms-MessageBar root_188e50a8 ms-MessageBar root_188e50a8 ms-MessageBar-multiline multiLine_188e50a8"
    role="status"
  >
    <div
      className="content_188e50a8 ms-MessageBar-content"
    >
      <div
        className="ms-MessageBar-icon icon_188e50a8"
      >
        <i
          aria-hidden={true}
          className="root-37"
          data-icon-name="Info"
          role="presentation"
        />
      </div>
      <div
        className="ms-MessageBar-text text_188e50a8 noDismissButton_188e50a8"
        id="MessageBar3"
      >
        <span
          aria-live="polite"
          className="ms-MessageBar-innerText innerText_188e50a8"
          role="status"
        />
      </div>
    </div>
  </div>
</div>
`;
