// Jest Snapshot v1, https://goo.gl/fbAQLP

exports[`Popup displays correctly 1`] = `
<Modal
  autoFocus={true}
  className="popup__dialog"
  renderBackdrop={[Function]}
  renderDialog={[Function]}
  show={true}
  style={
    Object {
      "left": "50%",
      "opacity": 1,
      "top": "50%",
      "transform": "translate(-50%, -50%)",
      "zIndex": 2000,
    }
  }
/>
`;
