// Jest Snapshot v1, https://goo.gl/fbAQLP

exports[`ListItem displays correctly 1`] = `
<li
  style={
    Object {
      "marginBottom": -1,
      "overflow": "hidden",
      "position": "relative",
      "selectors": Object {
        ":nth-child(odd)": Object {
          "background": "#f7f7f7",
        },
      },
    }
  }
>
  <a
    href="#"
    style={
      Object {
        "borderRadius": 0,
        "borderWidth": 0,
        "color": "#555",
        "display": "block",
        "fontSize": "1.2em",
        "marginLeft": 17,
        "minHeight": 49,
        "padding": "15px 20px 4px 37px",
      }
    }
  >
    <div
      className="row"
    >
      <div
        className="col-xs-1"
      >
        <i
          style={
            Object {
              "marginLeft": -13,
            }
          }
        />
      </div>
      <div
        className="col-xs-10"
      >
        <span>
          <span>
            Test title
          </span>
        </span>
      </div>
    </div>
  </a>
</li>
`;
