// Jest Snapshot v1, https://goo.gl/fbAQLP

exports[`RichText renders as expected 1`] = `
ShallowWrapper {
  "length": 1,
  Symbol(enzyme.__root__): [Circular],
  Symbol(enzyme.__unrendered__): <RichText
    config={Object {}}
  />,
  Symbol(enzyme.__renderer__): Object {
    "batchedUpdates": [Function],
    "getNode": [Function],
    "render": [Function],
    "simulateEvent": [Function],
    "unmount": [Function],
  },
  Symbol(enzyme.__node__): Object {
    "instance": null,
    "key": undefined,
    "nodeType": "class",
    "props": Object {
      "config": Object {
        "allowedContent": true,
        "applyInitialStyle": true,
        "bodyClass": "",
        "contentsCss": "../../Content/style.css",
        "disableNativeSpellChecker": false,
        "extraPlugins": "base64image,pastefromword",
        "fontSize_sizes": "8/8pt;9/9pt;10/10pt;11/11pt;12/12pt;14/14pt;16/16pt;18/18pt;20/20pt;22/22pt;24/24pt;26/26pt;28/28pt;36/36pt;48/48pt;72/72pt",
        "font_names": "Arial/Arial, Helvetica, sans-serif;Calibri/Calibri, Tahoma, sans-serif;Courier New/Courier New, Courier, monospace;Georgia/Georgia, serif;Lucida Sans Unicode/Lucida Sans Unicode, Lucida Grande, sans-serif;Tahoma/Tahoma, Geneva, sans-serif;Times New Roman/Times New Roman, Times, serif;Verdana/Verdana, Geneva, sans-serif",
        "forcePasteAsPlainText": false,
        "removePlugins": "elementspath",
        "resize_enabled": false,
        "startupFocus": false,
        "toolbar": Array [
          Array [
            "Font",
            "FontSize",
            "Bold",
            "Italic",
            "Underline",
            "-",
            "NumberedList",
            "BulletedList",
            "-",
            "Outdent",
            "Indent",
            "-",
            "JustifyLeft",
            "JustifyCenter",
            "JustifyRight",
            "JustifyBlock",
            "-",
            "Link",
            "base64image",
            "Maximize",
            "Preview",
          ],
        ],
      },
      "data": "",
      "editor": [Function],
      "onChange": [Function],
      "onInit": [Function],
    },
    "ref": null,
    "rendered": null,
    "type": [Function],
  },
  Symbol(enzyme.__nodes__): Array [
    Object {
      "instance": null,
      "key": undefined,
      "nodeType": "class",
      "props": Object {
        "config": Object {
          "allowedContent": true,
          "applyInitialStyle": true,
          "bodyClass": "",
          "contentsCss": "../../Content/style.css",
          "disableNativeSpellChecker": false,
          "extraPlugins": "base64image,pastefromword",
          "fontSize_sizes": "8/8pt;9/9pt;10/10pt;11/11pt;12/12pt;14/14pt;16/16pt;18/18pt;20/20pt;22/22pt;24/24pt;26/26pt;28/28pt;36/36pt;48/48pt;72/72pt",
          "font_names": "Arial/Arial, Helvetica, sans-serif;Calibri/Calibri, Tahoma, sans-serif;Courier New/Courier New, Courier, monospace;Georgia/Georgia, serif;Lucida Sans Unicode/Lucida Sans Unicode, Lucida Grande, sans-serif;Tahoma/Tahoma, Geneva, sans-serif;Times New Roman/Times New Roman, Times, serif;Verdana/Verdana, Geneva, sans-serif",
          "forcePasteAsPlainText": false,
          "removePlugins": "elementspath",
          "resize_enabled": false,
          "startupFocus": false,
          "toolbar": Array [
            Array [
              "Font",
              "FontSize",
              "Bold",
              "Italic",
              "Underline",
              "-",
              "NumberedList",
              "BulletedList",
              "-",
              "Outdent",
              "Indent",
              "-",
              "JustifyLeft",
              "JustifyCenter",
              "JustifyRight",
              "JustifyBlock",
              "-",
              "Link",
              "base64image",
              "Maximize",
              "Preview",
            ],
          ],
        },
        "data": "",
        "editor": [Function],
        "onChange": [Function],
        "onInit": [Function],
      },
      "ref": null,
      "rendered": null,
      "type": [Function],
    },
  ],
  Symbol(enzyme.__options__): Object {
    "adapter": ReactSixteenAdapter {
      "options": Object {
        "enableComponentDidUpdateOnSetState": true,
      },
    },
  },
}
`;
