// Jest Snapshot v1, https://goo.gl/fbAQLP

exports[`LoggedInBar displays correctly 1`] = `
<div
  aria-live="polite"
  className="ms-MessageBar root_188e50a8 ms-MessageBar root_188e50a8 ms-MessageBar-multiline multiLine_188e50a8"
  role="status"
>
  <div
    className="content_188e50a8 ms-MessageBar-content"
  >
    <div
      className="ms-MessageBar-icon icon_188e50a8"
    >
      <i
        aria-hidden={true}
        className="root-36"
        data-icon-name="Info"
        role="presentation"
      />
    </div>
    <div
      className="ms-MessageBar-text text_188e50a8 noDismissButton_188e50a8"
      id="MessageBar0"
    >
      <span
        aria-live="polite"
        className="ms-MessageBar-innerText innerText_188e50a8"
        role="status"
      />
    </div>
  </div>
</div>
`;
