// Jest Snapshot v1, https://goo.gl/fbAQLP

exports[`LoggedInBar displays correctly 1`] = `
<div
  aria-live="polite"
  className="ms-MessageBar root_91b7bf6c ms-MessageBar root_91b7bf6c ms-MessageBar-multiline multiLine_91b7bf6c"
  role="status"
>
  <div
    className="content_91b7bf6c ms-MessageBar-content"
  >
    <div
      className="ms-MessageBar-icon icon_91b7bf6c"
    >
      <i
        aria-hidden={true}
        className="root-36"
        data-icon-name="Info"
        role="presentation"
      />
    </div>
    <div
      className="ms-MessageBar-text text_91b7bf6c noDismissButton_91b7bf6c"
      id="MessageBar0"
    >
      <span
        aria-live="polite"
        className="ms-MessageBar-innerText innerText_91b7bf6c"
        role="status"
      />
    </div>
  </div>
</div>
`;
